led_display.c:10:6:enableRed1	8	static
led_display.c:16:6:enableYellow1	8	static
led_display.c:21:6:enableGreen1	8	static
led_display.c:27:6:enableRed2	8	static
led_display.c:32:6:enableYellow2	8	static
led_display.c:37:6:enableGreen2	8	static
led_display.c:43:6:toggleREDs	8	static
led_display.c:51:6:toggleGREENs	8	static
led_display.c:59:6:toggleYELLOWs	8	static
led_display.c:83:6:display7SEG1	16	static
led_display.c:93:6:display7SEG2	16	static
led_display.c:103:6:blinkDigit1	16	static
led_display.c:112:6:blinkDigit2	16	static
