led_display.c:10:6:enableRed1	8	static
led_display.c:16:6:enableYellow1	8	static
led_display.c:21:6:enableGreen1	8	static
led_display.c:27:6:enableRed2	8	static
led_display.c:32:6:enableYellow2	8	static
led_display.c:37:6:enableGreen2	8	static
led_display.c:43:6:toggleREDs	8	static
led_display.c:47:6:toggleGREENs	8	static
led_display.c:51:6:toggleYELLOWs	8	static
led_display.c:71:6:display7SEG1	16	static
led_display.c:81:6:display7SEG2	16	static
led_display.c:91:6:blinkDigit1	16	static
led_display.c:100:6:blinkDigit2	16	static
