Archive member included to satisfy reference by file (symbol)

f:/stm32cubeide_1.7.0/stm32cubeide/plugins/com.st.stm32cube.ide.mcu.externaltools.gnu-tools-for-stm32.9-2020-q2-update.win32_2.0.0.202105311346/tools/bin/../lib/gcc/arm-none-eabi/9.3.1/../../../../arm-none-eabi/lib/thumb/v7-m/nofp\libc_nano.a(lib_a-errno.o)
                              ./Core/Src/syscalls.o (__errno)
f:/stm32cubeide_1.7.0/stm32cubeide/plugins/com.st.stm32cube.ide.mcu.externaltools.gnu-tools-for-stm32.9-2020-q2-update.win32_2.0.0.202105311346/tools/bin/../lib/gcc/arm-none-eabi/9.3.1/../../../../arm-none-eabi/lib/thumb/v7-m/nofp\libc_nano.a(lib_a-exit.o)
                              f:/stm32cubeide_1.7.0/stm32cubeide/plugins/com.st.stm32cube.ide.mcu.externaltools.gnu-tools-for-stm32.9-2020-q2-update.win32_2.0.0.202105311346/tools/bin/../lib/gcc/arm-none-eabi/9.3.1/../../../../arm-none-eabi/lib/thumb/v7-m/nofp/crt0.o (exit)
f:/stm32cubeide_1.7.0/stm32cubeide/plugins/com.st.stm32cube.ide.mcu.externaltools.gnu-tools-for-stm32.9-2020-q2-update.win32_2.0.0.202105311346/tools/bin/../lib/gcc/arm-none-eabi/9.3.1/../../../../arm-none-eabi/lib/thumb/v7-m/nofp\libc_nano.a(lib_a-impure.o)
                              f:/stm32cubeide_1.7.0/stm32cubeide/plugins/com.st.stm32cube.ide.mcu.externaltools.gnu-tools-for-stm32.9-2020-q2-update.win32_2.0.0.202105311346/tools/bin/../lib/gcc/arm-none-eabi/9.3.1/../../../../arm-none-eabi/lib/thumb/v7-m/nofp\libc_nano.a(lib_a-exit.o) (_global_impure_ptr)
f:/stm32cubeide_1.7.0/stm32cubeide/plugins/com.st.stm32cube.ide.mcu.externaltools.gnu-tools-for-stm32.9-2020-q2-update.win32_2.0.0.202105311346/tools/bin/../lib/gcc/arm-none-eabi/9.3.1/../../../../arm-none-eabi/lib/thumb/v7-m/nofp\libc_nano.a(lib_a-init.o)
                              f:/stm32cubeide_1.7.0/stm32cubeide/plugins/com.st.stm32cube.ide.mcu.externaltools.gnu-tools-for-stm32.9-2020-q2-update.win32_2.0.0.202105311346/tools/bin/../lib/gcc/arm-none-eabi/9.3.1/../../../../arm-none-eabi/lib/thumb/v7-m/nofp/crt0.o (__libc_init_array)
f:/stm32cubeide_1.7.0/stm32cubeide/plugins/com.st.stm32cube.ide.mcu.externaltools.gnu-tools-for-stm32.9-2020-q2-update.win32_2.0.0.202105311346/tools/bin/../lib/gcc/arm-none-eabi/9.3.1/../../../../arm-none-eabi/lib/thumb/v7-m/nofp\libc_nano.a(lib_a-memset.o)
                              f:/stm32cubeide_1.7.0/stm32cubeide/plugins/com.st.stm32cube.ide.mcu.externaltools.gnu-tools-for-stm32.9-2020-q2-update.win32_2.0.0.202105311346/tools/bin/../lib/gcc/arm-none-eabi/9.3.1/../../../../arm-none-eabi/lib/thumb/v7-m/nofp/crt0.o (memset)

Allocating common symbols
Common symbol       size              file

uwTick              0x4               ./Drivers/STM32F1xx_HAL_Driver/Src/stm32f1xx_hal.o
pFlash              0x20              ./Drivers/STM32F1xx_HAL_Driver/Src/stm32f1xx_hal_flash.o
htim2               0x48              ./Core/Src/main.o

Discarded input sections

 .text          0x0000000000000000        0x0 f:/stm32cubeide_1.7.0/stm32cubeide/plugins/com.st.stm32cube.ide.mcu.externaltools.gnu-tools-for-stm32.9-2020-q2-update.win32_2.0.0.202105311346/tools/bin/../lib/gcc/arm-none-eabi/9.3.1/thumb/v7-m/nofp/crti.o
 .data          0x0000000000000000        0x0 f:/stm32cubeide_1.7.0/stm32cubeide/plugins/com.st.stm32cube.ide.mcu.externaltools.gnu-tools-for-stm32.9-2020-q2-update.win32_2.0.0.202105311346/tools/bin/../lib/gcc/arm-none-eabi/9.3.1/thumb/v7-m/nofp/crti.o
 .bss           0x0000000000000000        0x0 f:/stm32cubeide_1.7.0/stm32cubeide/plugins/com.st.stm32cube.ide.mcu.externaltools.gnu-tools-for-stm32.9-2020-q2-update.win32_2.0.0.202105311346/tools/bin/../lib/gcc/arm-none-eabi/9.3.1/thumb/v7-m/nofp/crti.o
 .data          0x0000000000000000        0x4 f:/stm32cubeide_1.7.0/stm32cubeide/plugins/com.st.stm32cube.ide.mcu.externaltools.gnu-tools-for-stm32.9-2020-q2-update.win32_2.0.0.202105311346/tools/bin/../lib/gcc/arm-none-eabi/9.3.1/thumb/v7-m/nofp/crtbegin.o
 .text          0x0000000000000000       0x7c f:/stm32cubeide_1.7.0/stm32cubeide/plugins/com.st.stm32cube.ide.mcu.externaltools.gnu-tools-for-stm32.9-2020-q2-update.win32_2.0.0.202105311346/tools/bin/../lib/gcc/arm-none-eabi/9.3.1/../../../../arm-none-eabi/lib/thumb/v7-m/nofp/crt0.o
 .data          0x0000000000000000        0x0 f:/stm32cubeide_1.7.0/stm32cubeide/plugins/com.st.stm32cube.ide.mcu.externaltools.gnu-tools-for-stm32.9-2020-q2-update.win32_2.0.0.202105311346/tools/bin/../lib/gcc/arm-none-eabi/9.3.1/../../../../arm-none-eabi/lib/thumb/v7-m/nofp/crt0.o
 .bss           0x0000000000000000        0x0 f:/stm32cubeide_1.7.0/stm32cubeide/plugins/com.st.stm32cube.ide.mcu.externaltools.gnu-tools-for-stm32.9-2020-q2-update.win32_2.0.0.202105311346/tools/bin/../lib/gcc/arm-none-eabi/9.3.1/../../../../arm-none-eabi/lib/thumb/v7-m/nofp/crt0.o
[...]
Memory Configuration

Name             Origin             Length             Attributes
RAM              0x0000000020000000 0x0000000000002800 xrw
FLASH            0x0000000008000000 0x0000000000008000 xr
*default*        0x0000000000000000 0xffffffffffffffff

Linker script and memory map

LOAD f:/stm32cubeide_1.7.0/stm32cubeide/plugins/com.st.stm32cube.ide.mcu.externaltools.gnu-tools-for-stm32.9-2020-q2-update.win32_2.0.0.202105311346/tools/bin/../lib/gcc/arm-none-eabi/9.3.1/thumb/v7-m/nofp/crti.o
LOAD f:/stm32cubeide_1.7.0/stm32cubeide/plugins/com.st.stm32cube.ide.mcu.externaltools.gnu-tools-for-stm32.9-2020-q2-update.win32_2.0.0.202105311346/tools/bin/../lib/gcc/arm-none-eabi/9.3.1/thumb/v7-m/nofp/crtbegin.o
LOAD f:/stm32cubeide_1.7.0/stm32cubeide/plugins/com.st.stm32cube.ide.mcu.externaltools.gnu-tools-for-stm32.9-2020-q2-update.win32_2.0.0.202105311346/tools/bin/../lib/gcc/arm-none-eabi/9.3.1/../../../../arm-none-eabi/lib/thumb/v7-m/nofp/crt0.o
LOAD ./Core/Src/button.o
LOAD ./Core/Src/fsm_automatic.o
LOAD ./Core/Src/fsm_manual.o
LOAD ./Core/Src/global.o
LOAD ./Core/Src/led_display.o
LOAD ./Core/Src/main.o
LOAD ./Core/Src/software_timer.o
LOAD ./Core/Src/stm32f1xx_hal_msp.o
LOAD ./Core/Src/stm32f1xx_it.o
LOAD ./Core/Src/syscalls.o
LOAD ./Core/Src/sysmem.o
LOAD ./Core/Src/system_stm32f1xx.o
LOAD ./Core/Startup/startup_stm32f103c6ux.o
LOAD ./Drivers/STM32F1xx_HAL_Driver/Src/stm32f1xx_hal.o
LOAD ./Drivers/STM32F1xx_HAL_Driver/Src/stm32f1xx_hal_cortex.o
LOAD ./Drivers/STM32F1xx_HAL_Driver/Src/stm32f1xx_hal_dma.o
LOAD ./Drivers/STM32F1xx_HAL_Driver/Src/stm32f1xx_hal_exti.o
LOAD ./Drivers/STM32F1xx_HAL_Driver/Src/stm32f1xx_hal_flash.o
LOAD ./Drivers/STM32F1xx_HAL_Driver/Src/stm32f1xx_hal_flash_ex.o
LOAD ./Drivers/STM32F1xx_HAL_Driver/Src/stm32f1xx_hal_gpio.o
LOAD ./Drivers/STM32F1xx_HAL_Driver/Src/stm32f1xx_hal_gpio_ex.o
LOAD ./Drivers/STM32F1xx_HAL_Driver/Src/stm32f1xx_hal_pwr.o
LOAD ./Drivers/STM32F1xx_HAL_Driver/Src/stm32f1xx_hal_rcc.o
LOAD ./Drivers/STM32F1xx_HAL_Driver/Src/stm32f1xx_hal_rcc_ex.o
LOAD ./Drivers/STM32F1xx_HAL_Driver/Src/stm32f1xx_hal_tim.o
LOAD ./Drivers/STM32F1xx_HAL_Driver/Src/stm32f1xx_hal_tim_ex.o
START GROUP
LOAD f:/stm32cubeide_1.7.0/stm32cubeide/plugins/com.st.stm32cube.ide.mcu.externaltools.gnu-tools-for-stm32.9-2020-q2-update.win32_2.0.0.202105311346/tools/bin/../lib/gcc/arm-none-eabi/9.3.1/../../../../arm-none-eabi/lib/thumb/v7-m/nofp\libc_nano.a
LOAD f:/stm32cubeide_1.7.0/stm32cubeide/plugins/com.st.stm32cube.ide.mcu.externaltools.gnu-tools-for-stm32.9-2020-q2-update.win32_2.0.0.202105311346/tools/bin/../lib/gcc/arm-none-eabi/9.3.1/../../../../arm-none-eabi/lib/thumb/v7-m/nofp\libm.a
END GROUP
START GROUP
LOAD f:/stm32cubeide_1.7.0/stm32cubeide/plugins/com.st.stm32cube.ide.mcu.externaltools.gnu-tools-for-stm32.9-2020-q2-update.win32_2.0.0.202105311346/tools/bin/../lib/gcc/arm-none-eabi/9.3.1/thumb/v7-m/nofp\libgcc.a
LOAD f:/stm32cubeide_1.7.0/stm32cubeide/plugins/com.st.stm32cube.ide.mcu.externaltools.gnu-tools-for-stm32.9-2020-q2-update.win32_2.0.0.202105311346/tools/bin/../lib/gcc/arm-none-eabi/9.3.1/../../../../arm-none-eabi/lib/thumb/v7-m/nofp\libc_nano.a
END GROUP
START GROUP
LOAD f:/stm32cubeide_1.7.0/stm32cubeide/plugins/com.st.stm32cube.ide.mcu.externaltools.gnu-tools-for-stm32.9-2020-q2-update.win32_2.0.0.202105311346/tools/bin/../lib/gcc/arm-none-eabi/9.3.1/thumb/v7-m/nofp\libgcc.a
LOAD f:/stm32cubeide_1.7.0/stm32cubeide/plugins/com.st.stm32cube.ide.mcu.externaltools.gnu-tools-for-stm32.9-2020-q2-update.win32_2.0.0.202105311346/tools/bin/../lib/gcc/arm-none-eabi/9.3.1/../../../../arm-none-eabi/lib/thumb/v7-m/nofp\libc_nano.a
LOAD f:/stm32cubeide_1.7.0/stm32cubeide/plugins/com.st.stm32cube.ide.mcu.externaltools.gnu-tools-for-stm32.9-2020-q2-update.win32_2.0.0.202105311346/tools/bin/../lib/gcc/arm-none-eabi/9.3.1/../../../../arm-none-eabi/lib/thumb/v7-m/nofp\libnosys.a
END GROUP
START GROUP
LOAD f:/stm32cubeide_1.7.0/stm32cubeide/plugins/com.st.stm32cube.ide.mcu.externaltools.gnu-tools-for-stm32.9-2020-q2-update.win32_2.0.0.202105311346/tools/bin/../lib/gcc/arm-none-eabi/9.3.1/thumb/v7-m/nofp\libgcc.a
LOAD f:/stm32cubeide_1.7.0/stm32cubeide/plugins/com.st.stm32cube.ide.mcu.externaltools.gnu-tools-for-stm32.9-2020-q2-update.win32_2.0.0.202105311346/tools/bin/../lib/gcc/arm-none-eabi/9.3.1/../../../../arm-none-eabi/lib/thumb/v7-m/nofp\libc_nano.a
LOAD f:/stm32cubeide_1.7.0/stm32cubeide/plugins/com.st.stm32cube.ide.mcu.externaltools.gnu-tools-for-stm32.9-2020-q2-update.win32_2.0.0.202105311346/tools/bin/../lib/gcc/arm-none-eabi/9.3.1/../../../../arm-none-eabi/lib/thumb/v7-m/nofp\libnosys.a
END GROUP
LOAD f:/stm32cubeide_1.7.0/stm32cubeide/plugins/com.st.stm32cube.ide.mcu.externaltools.gnu-tools-for-stm32.9-2020-q2-update.win32_2.0.0.202105311346/tools/bin/../lib/gcc/arm-none-eabi/9.3.1/thumb/v7-m/nofp/crtend.o
LOAD f:/stm32cubeide_1.7.0/stm32cubeide/plugins/com.st.stm32cube.ide.mcu.externaltools.gnu-tools-for-stm32.9-2020-q2-update.win32_2.0.0.202105311346/tools/bin/../lib/gcc/arm-none-eabi/9.3.1/thumb/v7-m/nofp/crtn.o
                0x0000000020002800                _estack = (ORIGIN (RAM) + LENGTH (RAM))
                0x0000000000000200                _Min_Heap_Size = 0x200
                0x0000000000000400                _Min_Stack_Size = 0x400

.isr_vector     0x0000000008000000      0x10c
                0x0000000008000000                . = ALIGN (0x4)
 *(.isr_vector)
 .isr_vector    0x0000000008000000      0x10c ./Core/Startup/startup_stm32f103c6ux.o
                0x0000000008000000                g_pfnVectors
                0x000000000800010c                . = ALIGN (0x4)

.text           0x000000000800010c     0x2e1c
                0x000000000800010c                . = ALIGN (0x4)
 *(.text)
 .text          0x000000000800010c       0x40 f:/stm32cubeide_1.7.0/stm32cubeide/plugins/com.st.stm32cube.ide.mcu.externaltools.gnu-tools-for-stm32.9-2020-q2-update.win32_2.0.0.202105311346/tools/bin/../lib/gcc/arm-none-eabi/9.3.1/thumb/v7-m/nofp/crtbegin.o
 *(.text*)
 .text.isButtonPressed
                0x000000000800014c       0x34 ./Core/Src/button.o
                0x000000000800014c                isButtonPressed
 .text.subKeyProcess
                0x0000000008000180       0x20 ./Core/Src/button.o
                0x0000000008000180                subKeyProcess
 .text.getKeyInput
                0x00000000080001a0      0x100 ./Core/Src/button.o
                0x00000000080001a0                getKeyInput
 .text.fsm_automatic_run
                0x00000000080002a0      0x340 ./Core/Src/fsm_automatic.o
                0x00000000080002a0                fsm_automatic_run
 .text.fsm_manual_run
                0x00000000080005e0      0x680 ./Core/Src/fsm_manual.o
                0x00000000080005e0                fsm_manual_run
 .text.initWaitingTime
                0x0000000008000c60       0x2c ./Core/Src/global.o
                0x0000000008000c60                initWaitingTime
 .text.initVar  0x0000000008000c8c       0xec ./Core/Src/global.o
                0x0000000008000c8c                initVar
 .text.enableRed1
                0x0000000008000d78       0x2c ./Core/Src/led_display.o
                0x0000000008000d78                enableRed1
 .text.enableYellow1
                0x0000000008000da4       0x2c ./Core/Src/led_display.o
                0x0000000008000da4                enableYellow1
 .text.enableGreen1
                0x0000000008000dd0       0x2c ./Core/Src/led_display.o
                0x0000000008000dd0                enableGreen1
 .text.enableRed2
                0x0000000008000dfc       0x2c ./Core/Src/led_display.o
                0x0000000008000dfc                enableRed2
 .text.enableYellow2
                0x0000000008000e28       0x2c ./Core/Src/led_display.o
                0x0000000008000e28                enableYellow2
 .text.enableGreen2
                0x0000000008000e54       0x2c ./Core/Src/led_display.o
                0x0000000008000e54                enableGreen2
 .text.toggleREDs
                0x0000000008000e80       0x44 ./Core/Src/led_display.o
                0x0000000008000e80                toggleREDs
 .text.toggleGREENs
                0x0000000008000ec4       0x44 ./Core/Src/led_display.o
                0x0000000008000ec4                toggleGREENs
 .text.toggleYELLOWs
                0x0000000008000f08       0x44 ./Core/Src/led_display.o
                0x0000000008000f08                toggleYELLOWs
 .text.display7SEG1
                0x0000000008000f4c       0xd8 ./Core/Src/led_display.o
                0x0000000008000f4c                display7SEG1
 .text.display7SEG2
                0x0000000008001024       0xe4 ./Core/Src/led_display.o
                0x0000000008001024                display7SEG2
 .text.blinkDigit1
                0x0000000008001108       0x78 ./Core/Src/led_display.o
                0x0000000008001108                blinkDigit1
 .text.blinkDigit2
                0x0000000008001180       0x8c ./Core/Src/led_display.o
                0x0000000008001180                blinkDigit2
 .text.main     0x000000000800120c       0x30 ./Core/Src/main.o
                0x000000000800120c                main
 .text.SystemClock_Config
                0x000000000800123c       0x76 ./Core/Src/main.o
                0x000000000800123c                SystemClock_Config
 *fill*         0x00000000080012b2        0x2 
 .text.MX_TIM2_Init
                0x00000000080012b4       0x98 ./Core/Src/main.o
 .text.MX_GPIO_Init
                0x000000000800134c       0xe0 ./Core/Src/main.o
 .text.HAL_TIM_PeriodElapsedCallback
                0x000000000800142c       0x18 ./Core/Src/main.o
                0x000000000800142c                HAL_TIM_PeriodElapsedCallback
 .text.Error_Handler
                0x0000000008001444        0xa ./Core/Src/main.o
                0x0000000008001444                Error_Handler
 *fill*         0x000000000800144e        0x2 
 .text.setTimer1
                0x0000000008001450       0x28 ./Core/Src/software_timer.o
                0x0000000008001450                setTimer1
 .text.setTimer2
                0x0000000008001478       0x28 ./Core/Src/software_timer.o
                0x0000000008001478                setTimer2
 .text.setTimer3
                0x00000000080014a0       0x28 ./Core/Src/software_timer.o
                0x00000000080014a0                setTimer3
 .text.setTimer4
                0x00000000080014c8       0x28 ./Core/Src/software_timer.o
                0x00000000080014c8                setTimer4
 .text.setTimer5
                0x00000000080014f0       0x28 ./Core/Src/software_timer.o
                0x00000000080014f0                setTimer5
 .text.setTimer6
                0x0000000008001518       0x28 ./Core/Src/software_timer.o
                0x0000000008001518                setTimer6
 .text.setTimer7
                0x0000000008001540       0x28 ./Core/Src/software_timer.o
                0x0000000008001540                setTimer7
 .text.setTimer8
                0x0000000008001568       0x28 ./Core/Src/software_timer.o
                0x0000000008001568                setTimer8
 .text.setTimer9
                0x0000000008001590       0x28 ./Core/Src/software_timer.o
                0x0000000008001590                setTimer9
 .text.timerRun
                0x00000000080015b8      0x19c ./Core/Src/software_timer.o
                0x00000000080015b8                timerRun
 .text.HAL_MspInit
                0x0000000008001754       0x64 ./Core/Src/stm32f1xx_hal_msp.o
                0x0000000008001754                HAL_MspInit
 .text.HAL_TIM_Base_MspInit
                0x00000000080017b8       0x48 ./Core/Src/stm32f1xx_hal_msp.o
                0x00000000080017b8                HAL_TIM_Base_MspInit
 .text.NMI_Handler
                0x0000000008001800        0x6 ./Core/Src/stm32f1xx_it.o
                0x0000000008001800                NMI_Handler
 .text.HardFault_Handler
                0x0000000008001806        0x6 ./Core/Src/stm32f1xx_it.o
                0x0000000008001806                HardFault_Handler
 .text.MemManage_Handler
                0x000000000800180c        0x6 ./Core/Src/stm32f1xx_it.o
                0x000000000800180c                MemManage_Handler
 .text.BusFault_Handler
                0x0000000008001812        0x6 ./Core/Src/stm32f1xx_it.o
                0x0000000008001812                BusFault_Handler
 .text.UsageFault_Handler
                0x0000000008001818        0x6 ./Core/Src/stm32f1xx_it.o
                0x0000000008001818                UsageFault_Handler
 .text.SVC_Handler
                0x000000000800181e        0xc ./Core/Src/stm32f1xx_it.o
                0x000000000800181e                SVC_Handler
 .text.DebugMon_Handler
                0x000000000800182a        0xc ./Core/Src/stm32f1xx_it.o
                0x000000000800182a                DebugMon_Handler
 .text.PendSV_Handler
                0x0000000008001836        0xc ./Core/Src/stm32f1xx_it.o
                0x0000000008001836                PendSV_Handler
 .text.SysTick_Handler
                0x0000000008001842        0xc ./Core/Src/stm32f1xx_it.o
                0x0000000008001842                SysTick_Handler
 *fill*         0x000000000800184e        0x2 
 .text.TIM2_IRQHandler
                0x0000000008001850       0x14 ./Core/Src/stm32f1xx_it.o
                0x0000000008001850                TIM2_IRQHandler
 .text.SystemInit
                0x0000000008001864        0xc ./Core/Src/system_stm32f1xx.o
                0x0000000008001864                SystemInit
 .text.Reset_Handler
                0x0000000008001870       0x48 ./Core/Startup/startup_stm32f103c6ux.o
                0x0000000008001870                Reset_Handler
 .text.Default_Handler
                0x00000000080018b8        0x2 ./Core/Startup/startup_stm32f103c6ux.o
                0x00000000080018b8                RTC_Alarm_IRQHandler
                0x00000000080018b8                EXTI2_IRQHandler
                0x00000000080018b8                TIM1_CC_IRQHandler
                0x00000000080018b8                PVD_IRQHandler
                0x00000000080018b8                EXTI3_IRQHandler
                0x00000000080018b8                EXTI0_IRQHandler
                0x00000000080018b8                ADC1_2_IRQHandler
                0x00000000080018b8                SPI1_IRQHandler
                0x00000000080018b8                TAMPER_IRQHandler
                0x00000000080018b8                DMA1_Channel4_IRQHandler
                0x00000000080018b8                RTC_IRQHandler
                0x00000000080018b8                DMA1_Channel7_IRQHandler
                0x00000000080018b8                CAN1_RX1_IRQHandler
                0x00000000080018b8                I2C1_EV_IRQHandler
                0x00000000080018b8                DMA1_Channel6_IRQHandler
                0x00000000080018b8                TIM3_IRQHandler
                0x00000000080018b8                RCC_IRQHandler
                0x00000000080018b8                TIM1_TRG_COM_IRQHandler
                0x00000000080018b8                DMA1_Channel1_IRQHandler
                0x00000000080018b8                Default_Handler
                0x00000000080018b8                EXTI15_10_IRQHandler
                0x00000000080018b8                EXTI9_5_IRQHandler
                0x00000000080018b8                DMA1_Channel5_IRQHandler
                0x00000000080018b8                EXTI4_IRQHandler
                0x00000000080018b8                USB_LP_CAN1_RX0_IRQHandler
                0x00000000080018b8                USB_HP_CAN1_TX_IRQHandler
                0x00000000080018b8                DMA1_Channel3_IRQHandler
                0x00000000080018b8                TIM1_UP_IRQHandler
                0x00000000080018b8                WWDG_IRQHandler
                0x00000000080018b8                TIM1_BRK_IRQHandler
                0x00000000080018b8                EXTI1_IRQHandler
                0x00000000080018b8                USART2_IRQHandler
                0x00000000080018b8                DMA1_Channel2_IRQHandler
                0x00000000080018b8                CAN1_SCE_IRQHandler
                0x00000000080018b8                FLASH_IRQHandler
                0x00000000080018b8                USART1_IRQHandler
                0x00000000080018b8                I2C1_ER_IRQHandler
                0x00000000080018b8                USBWakeUp_IRQHandler
 *fill*         0x00000000080018ba        0x2 
 .text.HAL_Init
                0x00000000080018bc       0x2c ./Drivers/STM32F1xx_HAL_Driver/Src/stm32f1xx_hal.o
                0x00000000080018bc                HAL_Init
 .text.HAL_InitTick
                0x00000000080018e8       0x60 ./Drivers/STM32F1xx_HAL_Driver/Src/stm32f1xx_hal.o
                0x00000000080018e8                HAL_InitTick
 .text.HAL_IncTick
                0x0000000008001948       0x24 ./Drivers/STM32F1xx_HAL_Driver/Src/stm32f1xx_hal.o
                0x0000000008001948                HAL_IncTick
 .text.HAL_GetTick
                0x000000000800196c       0x14 ./Drivers/STM32F1xx_HAL_Driver/Src/stm32f1xx_hal.o
                0x000000000800196c                HAL_GetTick
 .text.__NVIC_SetPriorityGrouping
                0x0000000008001980       0x48 ./Drivers/STM32F1xx_HAL_Driver/Src/stm32f1xx_hal_cortex.o
 .text.__NVIC_GetPriorityGrouping
                0x00000000080019c8       0x1c ./Drivers/STM32F1xx_HAL_Driver/Src/stm32f1xx_hal_cortex.o
 .text.__NVIC_EnableIRQ
                0x00000000080019e4       0x38 ./Drivers/STM32F1xx_HAL_Driver/Src/stm32f1xx_hal_cortex.o
 .text.__NVIC_SetPriority
                0x0000000008001a1c       0x54 ./Drivers/STM32F1xx_HAL_Driver/Src/stm32f1xx_hal_cortex.o
 .text.NVIC_EncodePriority
                0x0000000008001a70       0x64 ./Drivers/STM32F1xx_HAL_Driver/Src/stm32f1xx_hal_cortex.o
 .text.SysTick_Config
                0x0000000008001ad4       0x44 ./Drivers/STM32F1xx_HAL_Driver/Src/stm32f1xx_hal_cortex.o
 .text.HAL_NVIC_SetPriorityGrouping
                0x0000000008001b18       0x16 ./Drivers/STM32F1xx_HAL_Driver/Src/stm32f1xx_hal_cortex.o
                0x0000000008001b18                HAL_NVIC_SetPriorityGrouping
 .text.HAL_NVIC_SetPriority
                0x0000000008001b2e       0x38 ./Drivers/STM32F1xx_HAL_Driver/Src/stm32f1xx_hal_cortex.o
                0x0000000008001b2e                HAL_NVIC_SetPriority
 .text.HAL_NVIC_EnableIRQ
                0x0000000008001b66       0x1c ./Drivers/STM32F1xx_HAL_Driver/Src/stm32f1xx_hal_cortex.o
                0x0000000008001b66                HAL_NVIC_EnableIRQ
 .text.HAL_SYSTICK_Config
                0x0000000008001b82       0x18 ./Drivers/STM32F1xx_HAL_Driver/Src/stm32f1xx_hal_cortex.o
                0x0000000008001b82                HAL_SYSTICK_Config
 *fill*         0x0000000008001b9a        0x2 
 .text.HAL_GPIO_Init
                0x0000000008001b9c      0x2f4 ./Drivers/STM32F1xx_HAL_Driver/Src/stm32f1xx_hal_gpio.o
                0x0000000008001b9c                HAL_GPIO_Init
 .text.HAL_GPIO_ReadPin
                0x0000000008001e90       0x2e ./Drivers/STM32F1xx_HAL_Driver/Src/stm32f1xx_hal_gpio.o
                0x0000000008001e90                HAL_GPIO_ReadPin
 .text.HAL_GPIO_WritePin
                0x0000000008001ebe       0x30 ./Drivers/STM32F1xx_HAL_Driver/Src/stm32f1xx_hal_gpio.o
                0x0000000008001ebe                HAL_GPIO_WritePin
 .text.HAL_GPIO_TogglePin
                0x0000000008001eee       0x32 ./Drivers/STM32F1xx_HAL_Driver/Src/stm32f1xx_hal_gpio.o
                0x0000000008001eee                HAL_GPIO_TogglePin
 .text.HAL_RCC_OscConfig
                0x0000000008001f20      0x500 ./Drivers/STM32F1xx_HAL_Driver/Src/stm32f1xx_hal_rcc.o
                0x0000000008001f20                HAL_RCC_OscConfig
 .text.HAL_RCC_ClockConfig
                0x0000000008002420      0x1d4 ./Drivers/STM32F1xx_HAL_Driver/Src/stm32f1xx_hal_rcc.o
                0x0000000008002420                HAL_RCC_ClockConfig
 .text.HAL_RCC_GetSysClockFreq
                0x00000000080025f4       0xc0 ./Drivers/STM32F1xx_HAL_Driver/Src/stm32f1xx_hal_rcc.o
                0x00000000080025f4                HAL_RCC_GetSysClockFreq
 .text.RCC_Delay
                0x00000000080026b4       0x3c ./Drivers/STM32F1xx_HAL_Driver/Src/stm32f1xx_hal_rcc.o
 .text.HAL_TIM_Base_Init
                0x00000000080026f0       0x9e ./Drivers/STM32F1xx_HAL_Driver/Src/stm32f1xx_hal_tim.o
                0x00000000080026f0                HAL_TIM_Base_Init
 *fill*         0x000000000800278e        0x2 
 .text.HAL_TIM_Base_Start_IT
                0x0000000008002790       0x98 ./Drivers/STM32F1xx_HAL_Driver/Src/stm32f1xx_hal_tim.o
                0x0000000008002790                HAL_TIM_Base_Start_IT
 .text.HAL_TIM_IRQHandler
                0x0000000008002828      0x210 ./Drivers/STM32F1xx_HAL_Driver/Src/stm32f1xx_hal_tim.o
                0x0000000008002828                HAL_TIM_IRQHandler
 .text.HAL_TIM_ConfigClockSource
                0x0000000008002a38      0x188 ./Drivers/STM32F1xx_HAL_Driver/Src/stm32f1xx_hal_tim.o
                0x0000000008002a38                HAL_TIM_ConfigClockSource
 .text.HAL_TIM_OC_DelayElapsedCallback
                0x0000000008002bc0       0x12 ./Drivers/STM32F1xx_HAL_Driver/Src/stm32f1xx_hal_tim.o
                0x0000000008002bc0                HAL_TIM_OC_DelayElapsedCallback
 .text.HAL_TIM_IC_CaptureCallback
                0x0000000008002bd2       0x12 ./Drivers/STM32F1xx_HAL_Driver/Src/stm32f1xx_hal_tim.o
                0x0000000008002bd2                HAL_TIM_IC_CaptureCallback
 .text.HAL_TIM_PWM_PulseFinishedCallback
                0x0000000008002be4       0x12 ./Drivers/STM32F1xx_HAL_Driver/Src/stm32f1xx_hal_tim.o
                0x0000000008002be4                HAL_TIM_PWM_PulseFinishedCallback
 .text.HAL_TIM_TriggerCallback
                0x0000000008002bf6       0x12 ./Drivers/STM32F1xx_HAL_Driver/Src/stm32f1xx_hal_tim.o
                0x0000000008002bf6                HAL_TIM_TriggerCallback
 .text.TIM_Base_SetConfig
                0x0000000008002c08       0xb0 ./Drivers/STM32F1xx_HAL_Driver/Src/stm32f1xx_hal_tim.o
                0x0000000008002c08                TIM_Base_SetConfig
 .text.TIM_TI1_ConfigInputStage
                0x0000000008002cb8       0x5c ./Drivers/STM32F1xx_HAL_Driver/Src/stm32f1xx_hal_tim.o
 .text.TIM_TI2_ConfigInputStage
                0x0000000008002d14       0x5e ./Drivers/STM32F1xx_HAL_Driver/Src/stm32f1xx_hal_tim.o
 .text.TIM_ITRx_SetConfig
                0x0000000008002d72       0x34 ./Drivers/STM32F1xx_HAL_Driver/Src/stm32f1xx_hal_tim.o
 .text.TIM_ETR_SetConfig
                0x0000000008002da6       0x3e ./Drivers/STM32F1xx_HAL_Driver/Src/stm32f1xx_hal_tim.o
                0x0000000008002da6                TIM_ETR_SetConfig
 .text.HAL_TIMEx_MasterConfigSynchronization
                0x0000000008002de4       0xb0 ./Drivers/STM32F1xx_HAL_Driver/Src/stm32f1xx_hal_tim_ex.o
                0x0000000008002de4                HAL_TIMEx_MasterConfigSynchronization
 .text.HAL_TIMEx_CommutCallback
                0x0000000008002e94       0x12 ./Drivers/STM32F1xx_HAL_Driver/Src/stm32f1xx_hal_tim_ex.o
                0x0000000008002e94                HAL_TIMEx_CommutCallback
 .text.HAL_TIMEx_BreakCallback
                0x0000000008002ea6       0x12 ./Drivers/STM32F1xx_HAL_Driver/Src/stm32f1xx_hal_tim_ex.o
                0x0000000008002ea6                HAL_TIMEx_BreakCallback
 .text.__libc_init_array
                0x0000000008002eb8       0x48 f:/stm32cubeide_1.7.0/stm32cubeide/plugins/com.st.stm32cube.ide.mcu.externaltools.gnu-tools-for-stm32.9-2020-q2-update.win32_2.0.0.202105311346/tools/bin/../lib/gcc/arm-none-eabi/9.3.1/../../../../arm-none-eabi/lib/thumb/v7-m/nofp\libc_nano.a(lib_a-init.o)
                0x0000000008002eb8                __libc_init_array
 .text.memset   0x0000000008002f00       0x10 f:/stm32cubeide_1.7.0/stm32cubeide/plugins/com.st.stm32cube.ide.mcu.externaltools.gnu-tools-for-stm32.9-2020-q2-update.win32_2.0.0.202105311346/tools/bin/../lib/gcc/arm-none-eabi/9.3.1/../../../../arm-none-eabi/lib/thumb/v7-m/nofp\libc_nano.a(lib_a-memset.o)
                0x0000000008002f00                memset
 *(.glue_7)
 .glue_7        0x0000000008002f10        0x0 linker stubs
 *(.glue_7t)
 .glue_7t       0x0000000008002f10        0x0 linker stubs
 *(.eh_frame)
 .eh_frame      0x0000000008002f10        0x0 f:/stm32cubeide_1.7.0/stm32cubeide/plugins/com.st.stm32cube.ide.mcu.externaltools.gnu-tools-for-stm32.9-2020-q2-update.win32_2.0.0.202105311346/tools/bin/../lib/gcc/arm-none-eabi/9.3.1/thumb/v7-m/nofp/crtbegin.o
 *(.init)
 .init          0x0000000008002f10        0x4 f:/stm32cubeide_1.7.0/stm32cubeide/plugins/com.st.stm32cube.ide.mcu.externaltools.gnu-tools-for-stm32.9-2020-q2-update.win32_2.0.0.202105311346/tools/bin/../lib/gcc/arm-none-eabi/9.3.1/thumb/v7-m/nofp/crti.o
                0x0000000008002f10                _init
 .init          0x0000000008002f14        0x8 f:/stm32cubeide_1.7.0/stm32cubeide/plugins/com.st.stm32cube.ide.mcu.externaltools.gnu-tools-for-stm32.9-2020-q2-update.win32_2.0.0.202105311346/tools/bin/../lib/gcc/arm-none-eabi/9.3.1/thumb/v7-m/nofp/crtn.o
 *(.fini)
 .fini          0x0000000008002f1c        0x4 f:/stm32cubeide_1.7.0/stm32cubeide/plugins/com.st.stm32cube.ide.mcu.externaltools.gnu-tools-for-stm32.9-2020-q2-update.win32_2.0.0.202105311346/tools/bin/../lib/gcc/arm-none-eabi/9.3.1/thumb/v7-m/nofp/crti.o
                0x0000000008002f1c                _fini
 .fini          0x0000000008002f20        0x8 f:/stm32cubeide_1.7.0/stm32cubeide/plugins/com.st.stm32cube.ide.mcu.externaltools.gnu-tools-for-stm32.9-2020-q2-update.win32_2.0.0.202105311346/tools/bin/../lib/gcc/arm-none-eabi/9.3.1/thumb/v7-m/nofp/crtn.o
                0x0000000008002f28                . = ALIGN (0x4)
                0x0000000008002f28                _etext = .

.vfp11_veneer   0x0000000008002f28        0x0
 .vfp11_veneer  0x0000000008002f28        0x0 linker stubs

.v4_bx          0x0000000008002f28        0x0
 .v4_bx         0x0000000008002f28        0x0 linker stubs

.iplt           0x0000000008002f28        0x0
 .iplt          0x0000000008002f28        0x0 f:/stm32cubeide_1.7.0/stm32cubeide/plugins/com.st.stm32cube.ide.mcu.externaltools.gnu-tools-for-stm32.9-2020-q2-update.win32_2.0.0.202105311346/tools/bin/../lib/gcc/arm-none-eabi/9.3.1/thumb/v7-m/nofp/crtbegin.o

.rodata         0x0000000008002f28       0x2c
                0x0000000008002f28                . = ALIGN (0x4)
 *(.rodata)
 .rodata        0x0000000008002f28       0x10 ./Drivers/STM32F1xx_HAL_Driver/Src/stm32f1xx_hal_rcc.o
 *(.rodata*)
 .rodata.sevenSegTable
                0x0000000008002f38        0xa ./Core/Src/led_display.o
                0x0000000008002f38                sevenSegTable
 *fill*         0x0000000008002f42        0x2 
 .rodata.AHBPrescTable
                0x0000000008002f44       0x10 ./Core/Src/system_stm32f1xx.o
                0x0000000008002f44                AHBPrescTable
                0x0000000008002f54                . = ALIGN (0x4)

.rel.dyn        0x0000000008002f54        0x0
 .rel.iplt      0x0000000008002f54        0x0 f:/stm32cubeide_1.7.0/stm32cubeide/plugins/com.st.stm32cube.ide.mcu.externaltools.gnu-tools-for-stm32.9-2020-q2-update.win32_2.0.0.202105311346/tools/bin/../lib/gcc/arm-none-eabi/9.3.1/thumb/v7-m/nofp/crtbegin.o

.ARM.extab      0x0000000008002f54        0x0
                0x0000000008002f54                . = ALIGN (0x4)
 *(.ARM.extab* .gnu.linkonce.armextab.*)
                0x0000000008002f54                . = ALIGN (0x4)

.ARM            0x0000000008002f54        0x0
                0x0000000008002f54                . = ALIGN (0x4)
                0x0000000008002f54                __exidx_start = .
 *(.ARM.exidx*)
                0x0000000008002f54                __exidx_end = .
                0x0000000008002f54                . = ALIGN (0x4)

.preinit_array  0x0000000008002f54        0x0
                0x0000000008002f54                . = ALIGN (0x4)
                0x0000000008002f54                PROVIDE (__preinit_array_start = .)
 *(.preinit_array*)
                0x0000000008002f54                PROVIDE (__preinit_array_end = .)
                0x0000000008002f54                . = ALIGN (0x4)

.init_array     0x0000000008002f54        0x4
                0x0000000008002f54                . = ALIGN (0x4)
                0x0000000008002f54                PROVIDE (__init_array_start = .)
 *(SORT_BY_NAME(.init_array.*))
 *(.init_array*)
 .init_array    0x0000000008002f54        0x4 f:/stm32cubeide_1.7.0/stm32cubeide/plugins/com.st.stm32cube.ide.mcu.externaltools.gnu-tools-for-stm32.9-2020-q2-update.win32_2.0.0.202105311346/tools/bin/../lib/gcc/arm-none-eabi/9.3.1/thumb/v7-m/nofp/crtbegin.o
                0x0000000008002f58                PROVIDE (__init_array_end = .)
                0x0000000008002f58                . = ALIGN (0x4)

.fini_array     0x0000000008002f58        0x4
                0x0000000008002f58                . = ALIGN (0x4)
                [!provide]                        PROVIDE (__fini_array_start = .)
 *(SORT_BY_NAME(.fini_array.*))
 *(.fini_array*)
 .fini_array    0x0000000008002f58        0x4 f:/stm32cubeide_1.7.0/stm32cubeide/plugins/com.st.stm32cube.ide.mcu.externaltools.gnu-tools-for-stm32.9-2020-q2-update.win32_2.0.0.202105311346/tools/bin/../lib/gcc/arm-none-eabi/9.3.1/thumb/v7-m/nofp/crtbegin.o
                [!provide]                        PROVIDE (__fini_array_end = .)
                0x0000000008002f5c                . = ALIGN (0x4)
                0x0000000008002f5c                _sidata = LOADADDR (.data)

.data           0x0000000020000000       0x60 load address 0x0000000008002f5c
                0x0000000020000000                . = ALIGN (0x4)
                0x0000000020000000                _sdata = .
 *(.data)
 *(.data*)
 .data.buttonList
                0x0000000020000000       0x10 ./Core/Src/button.o
                0x0000000020000000                buttonList
 .data.KeyReg0  0x0000000020000010       0x10 ./Core/Src/button.o
                0x0000000020000010                KeyReg0
 .data.KeyReg1  0x0000000020000020       0x10 ./Core/Src/button.o
                0x0000000020000020                KeyReg1
 .data.KeyReg2  0x0000000020000030       0x10 ./Core/Src/button.o
                0x0000000020000030                KeyReg2
 .data.KeyReg3  0x0000000020000040       0x10 ./Core/Src/button.o
                0x0000000020000040                KeyReg3
 .data.TimeOutForKeyPress
                0x0000000020000050        0x4 ./Core/Src/button.o
                0x0000000020000050                TimeOutForKeyPress
 .data.SystemCoreClock
                0x0000000020000054        0x4 ./Core/Src/system_stm32f1xx.o
                0x0000000020000054                SystemCoreClock
 .data.uwTickPrio
                0x0000000020000058        0x4 ./Drivers/STM32F1xx_HAL_Driver/Src/stm32f1xx_hal.o
                0x0000000020000058                uwTickPrio
 .data.uwTickFreq
                0x000000002000005c        0x1 ./Drivers/STM32F1xx_HAL_Driver/Src/stm32f1xx_hal.o
                0x000000002000005c                uwTickFreq
 *(.RamFunc)
 *(.RamFunc*)
                0x0000000020000060                . = ALIGN (0x4)
 *fill*         0x000000002000005d        0x3 
                0x0000000020000060                _edata = .

.igot.plt       0x0000000020000060        0x0 load address 0x0000000008002fbc
 .igot.plt      0x0000000020000060        0x0 f:/stm32cubeide_1.7.0/stm32cubeide/plugins/com.st.stm32cube.ide.mcu.externaltools.gnu-tools-for-stm32.9-2020-q2-update.win32_2.0.0.202105311346/tools/bin/../lib/gcc/arm-none-eabi/9.3.1/thumb/v7-m/nofp/crtbegin.o
                0x0000000020000060                . = ALIGN (0x4)

.bss            0x0000000020000060      0x12c load address 0x0000000008002fbc
                0x0000000020000060                _sbss = .
                0x0000000020000060                __bss_start__ = _sbss
 *(.bss)
 .bss           0x0000000020000060       0x1c f:/stm32cubeide_1.7.0/stm32cubeide/plugins/com.st.stm32cube.ide.mcu.externaltools.gnu-tools-for-stm32.9-2020-q2-update.win32_2.0.0.202105311346/tools/bin/../lib/gcc/arm-none-eabi/9.3.1/thumb/v7-m/nofp/crtbegin.o
 *(.bss*)
 .bss.button_flag
                0x000000002000007c       0x10 ./Core/Src/button.o
                0x000000002000007c                button_flag
 .bss.led_buffer
                0x000000002000008c        0x8 ./Core/Src/fsm_automatic.o
                0x000000002000008c                led_buffer
 .bss.mode      0x0000000020000094        0x4 ./Core/Src/global.o
                0x0000000020000094                mode
 .bss.statusAUTO1
                0x0000000020000098        0x4 ./Core/Src/global.o
                0x0000000020000098                statusAUTO1
 .bss.statusAUTO2
                0x000000002000009c        0x4 ./Core/Src/global.o
                0x000000002000009c                statusAUTO2
 .bss.statusAUTO3
                0x00000000200000a0        0x4 ./Core/Src/global.o
                0x00000000200000a0                statusAUTO3
 .bss.statusAUTO4
                0x00000000200000a4        0x4 ./Core/Src/global.o
                0x00000000200000a4                statusAUTO4
 .bss.statusMODE2_1
                0x00000000200000a8        0x4 ./Core/Src/global.o
                0x00000000200000a8                statusMODE2_1
 .bss.statusMODE2_2
                0x00000000200000ac        0x4 ./Core/Src/global.o
                0x00000000200000ac                statusMODE2_2
 .bss.statusMODE2_3
                0x00000000200000b0        0x4 ./Core/Src/global.o
                0x00000000200000b0                statusMODE2_3
 .bss.statusMODE3_1
                0x00000000200000b4        0x4 ./Core/Src/global.o
                0x00000000200000b4                statusMODE3_1
 .bss.statusMODE3_2
                0x00000000200000b8        0x4 ./Core/Src/global.o
                0x00000000200000b8                statusMODE3_2
 .bss.statusMODE3_3
                0x00000000200000bc        0x4 ./Core/Src/global.o
                0x00000000200000bc                statusMODE3_3
 .bss.statusMODE4_1
                0x00000000200000c0        0x4 ./Core/Src/global.o
                0x00000000200000c0                statusMODE4_1
 .bss.statusMODE4_2
                0x00000000200000c4        0x4 ./Core/Src/global.o
                0x00000000200000c4                statusMODE4_2
 .bss.statusMODE4_3
                0x00000000200000c8        0x4 ./Core/Src/global.o
                0x00000000200000c8                statusMODE4_3
 .bss.AUTO_RED  0x00000000200000cc        0x4 ./Core/Src/global.o
                0x00000000200000cc                AUTO_RED
 .bss.AUTO_GREEN
                0x00000000200000d0        0x4 ./Core/Src/global.o
                0x00000000200000d0                AUTO_GREEN
 .bss.AUTO_YELLOW
                0x00000000200000d4        0x4 ./Core/Src/global.o
                0x00000000200000d4                AUTO_YELLOW
 .bss.counterRed1
                0x00000000200000d8        0x4 ./Core/Src/global.o
                0x00000000200000d8                counterRed1
 .bss.counterGreen1
                0x00000000200000dc        0x4 ./Core/Src/global.o
                0x00000000200000dc                counterGreen1
 .bss.counterYellow1
                0x00000000200000e0        0x4 ./Core/Src/global.o
                0x00000000200000e0                counterYellow1
 .bss.counterRed2
                0x00000000200000e4        0x4 ./Core/Src/global.o
                0x00000000200000e4                counterRed2
 .bss.counterGreen2
                0x00000000200000e8        0x4 ./Core/Src/global.o
                0x00000000200000e8                counterGreen2
 .bss.counterYellow2
                0x00000000200000ec        0x4 ./Core/Src/global.o
                0x00000000200000ec                counterYellow2
 .bss.timer1_counter
                0x00000000200000f0        0x4 ./Core/Src/software_timer.o
                0x00000000200000f0                timer1_counter
 .bss.timer1_flag
                0x00000000200000f4        0x4 ./Core/Src/software_timer.o
                0x00000000200000f4                timer1_flag
 .bss.timer2_counter
                0x00000000200000f8        0x4 ./Core/Src/software_timer.o
                0x00000000200000f8                timer2_counter
 .bss.timer2_flag
                0x00000000200000fc        0x4 ./Core/Src/software_timer.o
                0x00000000200000fc                timer2_flag
 .bss.timer3_counter
                0x0000000020000100        0x4 ./Core/Src/software_timer.o
                0x0000000020000100                timer3_counter
 .bss.timer3_flag
                0x0000000020000104        0x4 ./Core/Src/software_timer.o
                0x0000000020000104                timer3_flag
 .bss.timer4_counter
                0x0000000020000108        0x4 ./Core/Src/software_timer.o
                0x0000000020000108                timer4_counter
 .bss.timer4_flag
                0x000000002000010c        0x4 ./Core/Src/software_timer.o
                0x000000002000010c                timer4_flag
 .bss.timer5_counter
                0x0000000020000110        0x4 ./Core/Src/software_timer.o
                0x0000000020000110                timer5_counter
 .bss.timer5_flag
                0x0000000020000114        0x4 ./Core/Src/software_timer.o
                0x0000000020000114                timer5_flag
 .bss.timer6_counter
                0x0000000020000118        0x4 ./Core/Src/software_timer.o
                0x0000000020000118                timer6_counter
 .bss.timer6_flag
                0x000000002000011c        0x4 ./Core/Src/software_timer.o
                0x000000002000011c                timer6_flag
 .bss.timer7_counter
                0x0000000020000120        0x4 ./Core/Src/software_timer.o
                0x0000000020000120                timer7_counter
 .bss.timer7_flag
                0x0000000020000124        0x4 ./Core/Src/software_timer.o
                0x0000000020000124                timer7_flag
 .bss.timer8_counter
                0x0000000020000128        0x4 ./Core/Src/software_timer.o
                0x0000000020000128                timer8_counter
 .bss.timer8_flag
                0x000000002000012c        0x4 ./Core/Src/software_timer.o
                0x000000002000012c                timer8_flag
 .bss.timer9_counter
                0x0000000020000130        0x4 ./Core/Src/software_timer.o
                0x0000000020000130                timer9_counter
 .bss.timer9_flag
                0x0000000020000134        0x4 ./Core/Src/software_timer.o
                0x0000000020000134                timer9_flag
 .bss.timer10_counter
                0x0000000020000138        0x4 ./Core/Src/software_timer.o
                0x0000000020000138                timer10_counter
 .bss.timer10_flag
                0x000000002000013c        0x4 ./Core/Src/software_timer.o
                0x000000002000013c                timer10_flag
 *(COMMON)
 COMMON         0x0000000020000140       0x48 ./Core/Src/main.o
                0x0000000020000140                htim2
 COMMON         0x0000000020000188        0x4 ./Drivers/STM32F1xx_HAL_Driver/Src/stm32f1xx_hal.o
                0x0000000020000188                uwTick
                0x000000002000018c                . = ALIGN (0x4)
                0x000000002000018c                _ebss = .
                0x000000002000018c                __bss_end__ = _ebss

._user_heap_stack
                0x000000002000018c      0x604 load address 0x0000000008002fbc
                0x0000000020000190                . = ALIGN (0x8)
 *fill*         0x000000002000018c        0x4 
                [!provide]                        PROVIDE (end = .)
                0x0000000020000190                PROVIDE (_end = .)
                0x0000000020000390                . = (. + _Min_Heap_Size)
 *fill*         0x0000000020000190      0x200 
                0x0000000020000790                . = (. + _Min_Stack_Size)
 *fill*         0x0000000020000390      0x400 
                0x0000000020000790                . = ALIGN (0x8)

/DISCARD/
 libc.a(*)
 libm.a(*)
 libgcc.a(*)

.ARM.attributes
                0x0000000000000000       0x29
 *(.ARM.attributes)
 .ARM.attributes
                0x0000000000000000       0x1d f:/stm32cubeide_1.7.0/stm32cubeide/plugins/com.st.stm32cube.ide.mcu.externaltools.gnu-tools-for-stm32.9-2020-q2-update.win32_2.0.0.202105311346/tools/bin/../lib/gcc/arm-none-eabi/9.3.1/thumb/v7-m/nofp/crti.o
 .ARM.attributes
                0x000000000000001d       0x2d f:/stm32cubeide_1.7.0/stm32cubeide/plugins/com.st.stm32cube.ide.mcu.externaltools.gnu-tools-for-stm32.9-2020-q2-update.win32_2.0.0.202105311346/tools/bin/../lib/gcc/arm-none-eabi/9.3.1/thumb/v7-m/nofp/crtbegin.o
 .ARM.attributes
                0x000000000000004a       0x2d ./Core/Src/button.o
 .ARM.attributes
                0x0000000000000077       0x2d ./Core/Src/fsm_automatic.o
 .ARM.attributes
                0x00000000000000a4       0x2d ./Core/Src/fsm_manual.o
 .ARM.attributes
                0x00000000000000d1       0x2d ./Core/Src/global.o
 .ARM.attributes
                0x00000000000000fe       0x2d ./Core/Src/led_display.o
 .ARM.attributes
                0x000000000000012b       0x2d ./Core/Src/main.o
 .ARM.attributes
                0x0000000000000158       0x2d ./Core/Src/software_timer.o
 .ARM.attributes
                0x0000000000000185       0x2d ./Core/Src/stm32f1xx_hal_msp.o
 .ARM.attributes
                0x00000000000001b2       0x2d ./Core/Src/stm32f1xx_it.o
 .ARM.attributes
                0x00000000000001df       0x2d ./Core/Src/system_stm32f1xx.o
 .ARM.attributes
                0x000000000000020c       0x21 ./Core/Startup/startup_stm32f103c6ux.o
 .ARM.attributes
                0x000000000000022d       0x2d ./Drivers/STM32F1xx_HAL_Driver/Src/stm32f1xx_hal.o
 .ARM.attributes
                0x000000000000025a       0x2d ./Drivers/STM32F1xx_HAL_Driver/Src/stm32f1xx_hal_cortex.o
 .ARM.attributes
                0x0000000000000287       0x2d ./Drivers/STM32F1xx_HAL_Driver/Src/stm32f1xx_hal_gpio.o
 .ARM.attributes
                0x00000000000002b4       0x2d ./Drivers/STM32F1xx_HAL_Driver/Src/stm32f1xx_hal_rcc.o
 .ARM.attributes
                0x00000000000002e1       0x2d ./Drivers/STM32F1xx_HAL_Driver/Src/stm32f1xx_hal_tim.o
 .ARM.attributes
                0x000000000000030e       0x2d ./Drivers/STM32F1xx_HAL_Driver/Src/stm32f1xx_hal_tim_ex.o
 .ARM.attributes
                0x000000000000033b       0x2d f:/stm32cubeide_1.7.0/stm32cubeide/plugins/com.st.stm32cube.ide.mcu.externaltools.gnu-tools-for-stm32.9-2020-q2-update.win32_2.0.0.202105311346/tools/bin/../lib/gcc/arm-none-eabi/9.3.1/../../../../arm-none-eabi/lib/thumb/v7-m/nofp\libc_nano.a(lib_a-init.o)
 .ARM.attributes
                0x0000000000000368       0x2d f:/stm32cubeide_1.7.0/stm32cubeide/plugins/com.st.stm32cube.ide.mcu.externaltools.gnu-tools-for-stm32.9-2020-q2-update.win32_2.0.0.202105311346/tools/bin/../lib/gcc/arm-none-eabi/9.3.1/../../../../arm-none-eabi/lib/thumb/v7-m/nofp\libc_nano.a(lib_a-memset.o)
 .ARM.attributes
                0x0000000000000395       0x1d f:/stm32cubeide_1.7.0/stm32cubeide/plugins/com.st.stm32cube.ide.mcu.externaltools.gnu-tools-for-stm32.9-2020-q2-update.win32_2.0.0.202105311346/tools/bin/../lib/gcc/arm-none-eabi/9.3.1/thumb/v7-m/nofp/crtn.o
OUTPUT(TrafficLight_withModes.elf elf32-littlearm)
LOAD linker stubs
LOAD f:/stm32cubeide_1.7.0/stm32cubeide/plugins/com.st.stm32cube.ide.mcu.externaltools.gnu-tools-for-stm32.9-2020-q2-update.win32_2.0.0.202105311346/tools/bin/../lib/gcc/arm-none-eabi/9.3.1/../../../../arm-none-eabi/lib/thumb/v7-m/nofp\libc.a
LOAD f:/stm32cubeide_1.7.0/stm32cubeide/plugins/com.st.stm32cube.ide.mcu.externaltools.gnu-tools-for-stm32.9-2020-q2-update.win32_2.0.0.202105311346/tools/bin/../lib/gcc/arm-none-eabi/9.3.1/../../../../arm-none-eabi/lib/thumb/v7-m/nofp\libm.a
LOAD f:/stm32cubeide_1.7.0/stm32cubeide/plugins/com.st.stm32cube.ide.mcu.externaltools.gnu-tools-for-stm32.9-2020-q2-update.win32_2.0.0.202105311346/tools/bin/../lib/gcc/arm-none-eabi/9.3.1/thumb/v7-m/nofp\libgcc.a

.debug_info     0x0000000000000000     0x9ba5
 .debug_info    0x0000000000000000      0x4c1 ./Core/Src/button.o
 .debug_info    0x00000000000004c1      0x340 ./Core/Src/fsm_automatic.o
 .debug_info    0x0000000000000801      0x31e ./Core/Src/fsm_manual.o
 .debug_info    0x0000000000000b1f      0x472 ./Core/Src/global.o
 .debug_info    0x0000000000000f91      0x538 ./Core/Src/led_display.o
 .debug_info    0x00000000000014c9      0xd1e ./Core/Src/main.o
 .debug_info    0x00000000000021e7      0x373 ./Core/Src/software_timer.o
 .debug_info    0x000000000000255a      0xa04 ./Core/Src/stm32f1xx_hal_msp.o
 .debug_info    0x0000000000002f5e      0x7b4 ./Core/Src/stm32f1xx_it.o
 .debug_info    0x0000000000003712      0x2be ./Core/Src/system_stm32f1xx.o
 .debug_info    0x00000000000039d0       0x22 ./Core/Startup/startup_stm32f103c6ux.o
 .debug_info    0x00000000000039f2      0x74c ./Drivers/STM32F1xx_HAL_Driver/Src/stm32f1xx_hal.o
 .debug_info    0x000000000000413e      0xbbe ./Drivers/STM32F1xx_HAL_Driver/Src/stm32f1xx_hal_cortex.o
 .debug_info    0x0000000000004cfc      0x701 ./Drivers/STM32F1xx_HAL_Driver/Src/stm32f1xx_hal_gpio.o
 .debug_info    0x00000000000053fd      0x88e ./Drivers/STM32F1xx_HAL_Driver/Src/stm32f1xx_hal_rcc.o
 .debug_info    0x0000000000005c8b     0x2a45 ./Drivers/STM32F1xx_HAL_Driver/Src/stm32f1xx_hal_tim.o
 .debug_info    0x00000000000086d0     0x14d5 ./Drivers/STM32F1xx_HAL_Driver/Src/stm32f1xx_hal_tim_ex.o

.debug_abbrev   0x0000000000000000     0x1ab0
 .debug_abbrev  0x0000000000000000      0x16e ./Core/Src/button.o
 .debug_abbrev  0x000000000000016e       0xcb ./Core/Src/fsm_automatic.o
 .debug_abbrev  0x0000000000000239       0xb6 ./Core/Src/fsm_manual.o
 .debug_abbrev  0x00000000000002ef       0xc7 ./Core/Src/global.o
 .debug_abbrev  0x00000000000003b6      0x150 ./Core/Src/led_display.o
 .debug_abbrev  0x0000000000000506      0x248 ./Core/Src/main.o
 .debug_abbrev  0x000000000000074e       0xb6 ./Core/Src/software_timer.o
 .debug_abbrev  0x0000000000000804      0x1b7 ./Core/Src/stm32f1xx_hal_msp.o
 .debug_abbrev  0x00000000000009bb      0x176 ./Core/Src/stm32f1xx_it.o
 .debug_abbrev  0x0000000000000b31      0x14e ./Core/Src/system_stm32f1xx.o
 .debug_abbrev  0x0000000000000c7f       0x12 ./Core/Startup/startup_stm32f103c6ux.o
 .debug_abbrev  0x0000000000000c91      0x1ed ./Drivers/STM32F1xx_HAL_Driver/Src/stm32f1xx_hal.o
 .debug_abbrev  0x0000000000000e7e      0x313 ./Drivers/STM32F1xx_HAL_Driver/Src/stm32f1xx_hal_cortex.o
 .debug_abbrev  0x0000000000001191      0x1e8 ./Drivers/STM32F1xx_HAL_Driver/Src/stm32f1xx_hal_gpio.o
 .debug_abbrev  0x0000000000001379      0x273 ./Drivers/STM32F1xx_HAL_Driver/Src/stm32f1xx_hal_rcc.o
 .debug_abbrev  0x00000000000015ec      0x25e ./Drivers/STM32F1xx_HAL_Driver/Src/stm32f1xx_hal_tim.o
 .debug_abbrev  0x000000000000184a      0x266 ./Drivers/STM32F1xx_HAL_Driver/Src/stm32f1xx_hal_tim_ex.o

.debug_aranges  0x0000000000000000      0xab8
 .debug_aranges
                0x0000000000000000       0x30 ./Core/Src/button.o
 .debug_aranges
                0x0000000000000030       0x20 ./Core/Src/fsm_automatic.o
 .debug_aranges
                0x0000000000000050       0x20 ./Core/Src/fsm_manual.o
 .debug_aranges
                0x0000000000000070       0x28 ./Core/Src/global.o
 .debug_aranges
                0x0000000000000098       0x80 ./Core/Src/led_display.o
 .debug_aranges
                0x0000000000000118       0x48 ./Core/Src/main.o
 .debug_aranges
                0x0000000000000160       0x70 ./Core/Src/software_timer.o
 .debug_aranges
                0x00000000000001d0       0x30 ./Core/Src/stm32f1xx_hal_msp.o
 .debug_aranges
                0x0000000000000200       0x68 ./Core/Src/stm32f1xx_it.o
 .debug_aranges
                0x0000000000000268       0x28 ./Core/Src/system_stm32f1xx.o
 .debug_aranges
                0x0000000000000290       0x28 ./Core/Startup/startup_stm32f103c6ux.o
 .debug_aranges
                0x00000000000002b8       0xe0 ./Drivers/STM32F1xx_HAL_Driver/Src/stm32f1xx_hal.o
 .debug_aranges
                0x0000000000000398      0x100 ./Drivers/STM32F1xx_HAL_Driver/Src/stm32f1xx_hal_cortex.o
 .debug_aranges
                0x0000000000000498       0x58 ./Drivers/STM32F1xx_HAL_Driver/Src/stm32f1xx_hal_gpio.o
 .debug_aranges
                0x00000000000004f0       0x90 ./Drivers/STM32F1xx_HAL_Driver/Src/stm32f1xx_hal_rcc.o
 .debug_aranges
                0x0000000000000580      0x3d0 ./Drivers/STM32F1xx_HAL_Driver/Src/stm32f1xx_hal_tim.o
 .debug_aranges
                0x0000000000000950      0x168 ./Drivers/STM32F1xx_HAL_Driver/Src/stm32f1xx_hal_tim_ex.o

.debug_ranges   0x0000000000000000      0x9b0
 .debug_ranges  0x0000000000000000       0x20 ./Core/Src/button.o
 .debug_ranges  0x0000000000000020       0x10 ./Core/Src/fsm_automatic.o
 .debug_ranges  0x0000000000000030       0x10 ./Core/Src/fsm_manual.o
 .debug_ranges  0x0000000000000040       0x18 ./Core/Src/global.o
 .debug_ranges  0x0000000000000058       0x70 ./Core/Src/led_display.o
 .debug_ranges  0x00000000000000c8       0x38 ./Core/Src/main.o
 .debug_ranges  0x0000000000000100       0x60 ./Core/Src/software_timer.o
 .debug_ranges  0x0000000000000160       0x20 ./Core/Src/stm32f1xx_hal_msp.o
 .debug_ranges  0x0000000000000180       0x58 ./Core/Src/stm32f1xx_it.o
 .debug_ranges  0x00000000000001d8       0x18 ./Core/Src/system_stm32f1xx.o
 .debug_ranges  0x00000000000001f0       0x20 ./Core/Startup/startup_stm32f103c6ux.o
 .debug_ranges  0x0000000000000210       0xd0 ./Drivers/STM32F1xx_HAL_Driver/Src/stm32f1xx_hal.o
 .debug_ranges  0x00000000000002e0       0xf0 ./Drivers/STM32F1xx_HAL_Driver/Src/stm32f1xx_hal_cortex.o
 .debug_ranges  0x00000000000003d0       0x48 ./Drivers/STM32F1xx_HAL_Driver/Src/stm32f1xx_hal_gpio.o
 .debug_ranges  0x0000000000000418       0x80 ./Drivers/STM32F1xx_HAL_Driver/Src/stm32f1xx_hal_rcc.o
 .debug_ranges  0x0000000000000498      0x3c0 ./Drivers/STM32F1xx_HAL_Driver/Src/stm32f1xx_hal_tim.o
 .debug_ranges  0x0000000000000858      0x158 ./Drivers/STM32F1xx_HAL_Driver/Src/stm32f1xx_hal_tim_ex.o

.debug_macro    0x0000000000000000    0x16d76
 .debug_macro   0x0000000000000000      0x1e1 ./Core/Src/button.o
 .debug_macro   0x00000000000001e1      0xa9c ./Core/Src/button.o
 .debug_macro   0x0000000000000c7d      0x215 ./Core/Src/button.o
 .debug_macro   0x0000000000000e92       0x2e ./Core/Src/button.o
 .debug_macro   0x0000000000000ec0       0x22 ./Core/Src/button.o
 .debug_macro   0x0000000000000ee2       0x22 ./Core/Src/button.o
 .debug_macro   0x0000000000000f04       0x8e ./Core/Src/button.o
 .debug_macro   0x0000000000000f92       0x51 ./Core/Src/button.o
 .debug_macro   0x0000000000000fe3      0x103 ./Core/Src/button.o
 .debug_macro   0x00000000000010e6       0x6a ./Core/Src/button.o
 .debug_macro   0x0000000000001150      0x1df ./Core/Src/button.o
 .debug_macro   0x000000000000132f       0x1c ./Core/Src/button.o
 .debug_macro   0x000000000000134b       0x22 ./Core/Src/button.o
 .debug_macro   0x000000000000136d       0xc3 ./Core/Src/button.o
 .debug_macro   0x0000000000001430      0xd23 ./Core/Src/button.o
 .debug_macro   0x0000000000002153     0xde75 ./Core/Src/button.o
 .debug_macro   0x000000000000ffc8       0x6d ./Core/Src/button.o
 .debug_macro   0x0000000000010035     0x3468 ./Core/Src/button.o
 .debug_macro   0x000000000001349d      0x174 ./Core/Src/button.o
 .debug_macro   0x0000000000013611       0x5c ./Core/Src/button.o
 .debug_macro   0x000000000001366d      0x5be ./Core/Src/button.o
 .debug_macro   0x0000000000013c2b      0x1b7 ./Core/Src/button.o
 .debug_macro   0x0000000000013de2      0x1cb ./Core/Src/button.o
 .debug_macro   0x0000000000013fad      0x114 ./Core/Src/button.o
 .debug_macro   0x00000000000140c1      0x1b2 ./Core/Src/button.o
 .debug_macro   0x0000000000014273       0x27 ./Core/Src/button.o
 .debug_macro   0x000000000001429a      0x12f ./Core/Src/button.o
 .debug_macro   0x00000000000143c9      0x1bc ./Core/Src/button.o
 .debug_macro   0x0000000000014585       0x34 ./Core/Src/button.o
 .debug_macro   0x00000000000145b9       0x3c ./Core/Src/button.o
 .debug_macro   0x00000000000145f5       0x57 ./Core/Src/button.o
 .debug_macro   0x000000000001464c       0x88 ./Core/Src/button.o
 .debug_macro   0x00000000000146d4      0x183 ./Core/Src/button.o
 .debug_macro   0x0000000000014857      0x141 ./Core/Src/button.o
 .debug_macro   0x0000000000014998      0x8d1 ./Core/Src/button.o
 .debug_macro   0x0000000000015269       0x69 ./Core/Src/button.o
 .debug_macro   0x00000000000152d2      0x154 ./Core/Src/button.o
 .debug_macro   0x0000000000015426       0x82 ./Core/Src/button.o
 .debug_macro   0x00000000000154a8       0x10 ./Core/Src/button.o
 .debug_macro   0x00000000000154b8      0x1e7 ./Core/Src/fsm_automatic.o
 .debug_macro   0x000000000001569f      0x1e7 ./Core/Src/fsm_manual.o
 .debug_macro   0x0000000000015886      0x1dd ./Core/Src/global.o
 .debug_macro   0x0000000000015a63      0x1e1 ./Core/Src/led_display.o
 .debug_macro   0x0000000000015c44      0x1f5 ./Core/Src/main.o
 .debug_macro   0x0000000000015e39       0x1b ./Core/Src/software_timer.o
 .debug_macro   0x0000000000015e54      0x1a7 ./Core/Src/stm32f1xx_hal_msp.o
 .debug_macro   0x0000000000015ffb      0x1b1 ./Core/Src/stm32f1xx_it.o
 .debug_macro   0x00000000000161ac      0x198 ./Core/Src/system_stm32f1xx.o
 .debug_macro   0x0000000000016344      0x1bc ./Drivers/STM32F1xx_HAL_Driver/Src/stm32f1xx_hal.o
 .debug_macro   0x0000000000016500      0x198 ./Drivers/STM32F1xx_HAL_Driver/Src/stm32f1xx_hal_cortex.o
 .debug_macro   0x0000000000016698      0x203 ./Drivers/STM32F1xx_HAL_Driver/Src/stm32f1xx_hal_gpio.o
 .debug_macro   0x000000000001689b      0x1aa ./Drivers/STM32F1xx_HAL_Driver/Src/stm32f1xx_hal_rcc.o
 .debug_macro   0x0000000000016a45      0x199 ./Drivers/STM32F1xx_HAL_Driver/Src/stm32f1xx_hal_tim.o
 .debug_macro   0x0000000000016bde      0x198 ./Drivers/STM32F1xx_HAL_Driver/Src/stm32f1xx_hal_tim_ex.o

.debug_line     0x0000000000000000     0xbc7f
 .debug_line    0x0000000000000000      0x730 ./Core/Src/button.o
 .debug_line    0x0000000000000730      0x80a ./Core/Src/fsm_automatic.o
 .debug_line    0x0000000000000f3a      0x9fc ./Core/Src/fsm_manual.o
 .debug_line    0x0000000000001936      0x6c9 ./Core/Src/global.o
 .debug_line    0x0000000000001fff      0x867 ./Core/Src/led_display.o
 .debug_line    0x0000000000002866      0x7e2 ./Core/Src/main.o
 .debug_line    0x0000000000003048      0x22e ./Core/Src/software_timer.o
 .debug_line    0x0000000000003276      0x695 ./Core/Src/stm32f1xx_hal_msp.o
 .debug_line    0x000000000000390b      0x733 ./Core/Src/stm32f1xx_it.o
 .debug_line    0x000000000000403e      0x6d7 ./Core/Src/system_stm32f1xx.o
 .debug_line    0x0000000000004715       0x87 ./Core/Startup/startup_stm32f103c6ux.o
 .debug_line    0x000000000000479c      0x904 ./Drivers/STM32F1xx_HAL_Driver/Src/stm32f1xx_hal.o
 .debug_line    0x00000000000050a0      0xaec ./Drivers/STM32F1xx_HAL_Driver/Src/stm32f1xx_hal_cortex.o
 .debug_line    0x0000000000005b8c      0x985 ./Drivers/STM32F1xx_HAL_Driver/Src/stm32f1xx_hal_gpio.o
 .debug_line    0x0000000000006511      0xd12 ./Drivers/STM32F1xx_HAL_Driver/Src/stm32f1xx_hal_rcc.o
 .debug_line    0x0000000000007223     0x3262 ./Drivers/STM32F1xx_HAL_Driver/Src/stm32f1xx_hal_tim.o
 .debug_line    0x000000000000a485     0x17fa ./Drivers/STM32F1xx_HAL_Driver/Src/stm32f1xx_hal_tim_ex.o

.debug_str      0x0000000000000000    0x82548
 .debug_str     0x0000000000000000    0x7f96f ./Core/Src/button.o
                                      0x7fcd6 (size before relaxing)
 .debug_str     0x000000000007f96f       0x4f ./Core/Src/fsm_automatic.o
                                      0x7fc4f (size before relaxing)
 .debug_str     0x000000000007f9be       0x3b ./Core/Src/fsm_manual.o
                                      0x7fc3b (size before relaxing)
 .debug_str     0x000000000007f9f9       0x2d ./Core/Src/global.o
                                      0x7fc2d (size before relaxing)
 .debug_str     0x000000000007fa26       0xd6 ./Core/Src/led_display.o
                                      0x7fd07 (size before relaxing)
 .debug_str     0x000000000007fafc      0x6df ./Core/Src/main.o
                                      0x803ff (size before relaxing)
 .debug_str     0x00000000000801db      0x12b ./Core/Src/software_timer.o
                                       0x2f14 (size before relaxing)
 .debug_str     0x0000000000080306      0x2ba ./Core/Src/stm32f1xx_hal_msp.o
                                      0x8012d (size before relaxing)
 .debug_str     0x00000000000805c0       0xcd ./Core/Src/stm32f1xx_it.o
                                      0x7fe8f (size before relaxing)
 .debug_str     0x000000000008068d       0x52 ./Core/Src/system_stm32f1xx.o
                                      0x7f501 (size before relaxing)
 .debug_str     0x00000000000806df       0x36 ./Core/Startup/startup_stm32f103c6ux.o
                                         0x6c (size before relaxing)
 .debug_str     0x0000000000080715      0x304 ./Drivers/STM32F1xx_HAL_Driver/Src/stm32f1xx_hal.o
                                      0x7fb58 (size before relaxing)
 .debug_str     0x0000000000080a19      0x300 ./Drivers/STM32F1xx_HAL_Driver/Src/stm32f1xx_hal_cortex.o
                                      0x7fb60 (size before relaxing)
 .debug_str     0x0000000000080d19      0x324 ./Drivers/STM32F1xx_HAL_Driver/Src/stm32f1xx_hal_gpio.o
                                      0x7f8c5 (size before relaxing)
 .debug_str     0x000000000008103d      0x24f ./Drivers/STM32F1xx_HAL_Driver/Src/stm32f1xx_hal_rcc.o
                                      0x7f8fe (size before relaxing)
 .debug_str     0x000000000008128c      0xdce ./Drivers/STM32F1xx_HAL_Driver/Src/stm32f1xx_hal_tim.o
                                      0x808d0 (size before relaxing)
 .debug_str     0x000000000008205a      0x4ee ./Drivers/STM32F1xx_HAL_Driver/Src/stm32f1xx_hal_tim_ex.o
                                      0x80081 (size before relaxing)

.comment        0x0000000000000000       0x53
 .comment       0x0000000000000000       0x53 ./Core/Src/button.o
                                         0x54 (size before relaxing)
 .comment       0x0000000000000053       0x54 ./Core/Src/fsm_automatic.o
 .comment       0x0000000000000053       0x54 ./Core/Src/fsm_manual.o
 .comment       0x0000000000000053       0x54 ./Core/Src/global.o
 .comment       0x0000000000000053       0x54 ./Core/Src/led_display.o
 .comment       0x0000000000000053       0x54 ./Core/Src/main.o
 .comment       0x0000000000000053       0x54 ./Core/Src/software_timer.o
 .comment       0x0000000000000053       0x54 ./Core/Src/stm32f1xx_hal_msp.o
 .comment       0x0000000000000053       0x54 ./Core/Src/stm32f1xx_it.o
 .comment       0x0000000000000053       0x54 ./Core/Src/system_stm32f1xx.o
 .comment       0x0000000000000053       0x54 ./Drivers/STM32F1xx_HAL_Driver/Src/stm32f1xx_hal.o
 .comment       0x0000000000000053       0x54 ./Drivers/STM32F1xx_HAL_Driver/Src/stm32f1xx_hal_cortex.o
 .comment       0x0000000000000053       0x54 ./Drivers/STM32F1xx_HAL_Driver/Src/stm32f1xx_hal_gpio.o
 .comment       0x0000000000000053       0x54 ./Drivers/STM32F1xx_HAL_Driver/Src/stm32f1xx_hal_rcc.o
 .comment       0x0000000000000053       0x54 ./Drivers/STM32F1xx_HAL_Driver/Src/stm32f1xx_hal_tim.o
 .comment       0x0000000000000053       0x54 ./Drivers/STM32F1xx_HAL_Driver/Src/stm32f1xx_hal_tim_ex.o

.debug_frame    0x0000000000000000     0x2a54
 .debug_frame   0x0000000000000000       0x84 ./Core/Src/button.o
 .debug_frame   0x0000000000000084       0x2c ./Core/Src/fsm_automatic.o
 .debug_frame   0x00000000000000b0       0x2c ./Core/Src/fsm_manual.o
 .debug_frame   0x00000000000000dc       0x50 ./Core/Src/global.o
 .debug_frame   0x000000000000012c      0x19c ./Core/Src/led_display.o
 .debug_frame   0x00000000000002c8       0xd4 ./Core/Src/main.o
 .debug_frame   0x000000000000039c      0x1c0 ./Core/Src/software_timer.o
 .debug_frame   0x000000000000055c       0x80 ./Core/Src/stm32f1xx_hal_msp.o
 .debug_frame   0x00000000000005dc      0x120 ./Core/Src/stm32f1xx_it.o
 .debug_frame   0x00000000000006fc       0x58 ./Core/Src/system_stm32f1xx.o
 .debug_frame   0x0000000000000754      0x334 ./Drivers/STM32F1xx_HAL_Driver/Src/stm32f1xx_hal.o
 .debug_frame   0x0000000000000a88      0x428 ./Drivers/STM32F1xx_HAL_Driver/Src/stm32f1xx_hal_cortex.o
 .debug_frame   0x0000000000000eb0      0x14c ./Drivers/STM32F1xx_HAL_Driver/Src/stm32f1xx_hal_gpio.o
 .debug_frame   0x0000000000000ffc      0x21c ./Drivers/STM32F1xx_HAL_Driver/Src/stm32f1xx_hal_rcc.o
 .debug_frame   0x0000000000001218     0x11b8 ./Drivers/STM32F1xx_HAL_Driver/Src/stm32f1xx_hal_tim.o
 .debug_frame   0x00000000000023d0      0x638 ./Drivers/STM32F1xx_HAL_Driver/Src/stm32f1xx_hal_tim_ex.o
 .debug_frame   0x0000000000002a08       0x2c f:/stm32cubeide_1.7.0/stm32cubeide/plugins/com.st.stm32cube.ide.mcu.externaltools.gnu-tools-for-stm32.9-2020-q2-update.win32_2.0.0.202105311346/tools/bin/../lib/gcc/arm-none-eabi/9.3.1/../../../../arm-none-eabi/lib/thumb/v7-m/nofp\libc_nano.a(lib_a-init.o)
 .debug_frame   0x0000000000002a34       0x20 f:/stm32cubeide_1.7.0/stm32cubeide/plugins/com.st.stm32cube.ide.mcu.externaltools.gnu-tools-for-stm32.9-2020-q2-update.win32_2.0.0.202105311346/tools/bin/../lib/gcc/arm-none-eabi/9.3.1/../../../../arm-none-eabi/lib/thumb/v7-m/nofp\libc_nano.a(lib_a-memset.o)
